// Jest Snapshot v1, https://goo.gl/fbAQLP

exports[`Login component should render login page 1`] = `
Object {
  "asFragment": [Function],
  "baseElement": <body>
    <div>
      <section
        class="loginContainer flexV"
      >
        <div
          class="loginDiv"
        >
          <form
            class="formContainer flexV"
            method="post"
          >
            <div
              class="flexV"
            >
              <label
                for="email"
              >
                Email
                <br />
                <input
                  id="email"
                  name="email"
                  required=""
                  type="email"
                />
              </label>
            </div>
            <div
              class="flexV"
            >
              <label
                for="password"
              >
                Password
                <br />
                <input
                  id="password"
                  name="password"
                  required=""
                  type="password"
                />
              </label>
            </div>
            <div
              class="loginButtons flexH"
            >
              <button
                id="loginBtn"
                type="submit"
              >
                Login
              </button>
              Or
              <button
                type="button"
              >
                Sign up
              </button>
            </div>
          </form>
        </div>
      </section>
    </div>
  </body>,
  "container": <div>
    <section
      class="loginContainer flexV"
    >
      <div
        class="loginDiv"
      >
        <form
          class="formContainer flexV"
          method="post"
        >
          <div
            class="flexV"
          >
            <label
              for="email"
            >
              Email
              <br />
              <input
                id="email"
                name="email"
                required=""
                type="email"
              />
            </label>
          </div>
          <div
            class="flexV"
          >
            <label
              for="password"
            >
              Password
              <br />
              <input
                id="password"
                name="password"
                required=""
                type="password"
              />
            </label>
          </div>
          <div
            class="loginButtons flexH"
          >
            <button
              id="loginBtn"
              type="submit"
            >
              Login
            </button>
            Or
            <button
              type="button"
            >
              Sign up
            </button>
          </div>
        </form>
      </div>
    </section>
  </div>,
  "debug": [Function],
  "findAllByAltText": [Function],
  "findAllByDisplayValue": [Function],
  "findAllByLabelText": [Function],
  "findAllByPlaceholderText": [Function],
  "findAllByRole": [Function],
  "findAllByTestId": [Function],
  "findAllByText": [Function],
  "findAllByTitle": [Function],
  "findByAltText": [Function],
  "findByDisplayValue": [Function],
  "findByLabelText": [Function],
  "findByPlaceholderText": [Function],
  "findByRole": [Function],
  "findByTestId": [Function],
  "findByText": [Function],
  "findByTitle": [Function],
  "getAllByAltText": [Function],
  "getAllByDisplayValue": [Function],
  "getAllByLabelText": [Function],
  "getAllByPlaceholderText": [Function],
  "getAllByRole": [Function],
  "getAllByTestId": [Function],
  "getAllByText": [Function],
  "getAllByTitle": [Function],
  "getByAltText": [Function],
  "getByDisplayValue": [Function],
  "getByLabelText": [Function],
  "getByPlaceholderText": [Function],
  "getByRole": [Function],
  "getByTestId": [Function],
  "getByText": [Function],
  "getByTitle": [Function],
  "queryAllByAltText": [Function],
  "queryAllByDisplayValue": [Function],
  "queryAllByLabelText": [Function],
  "queryAllByPlaceholderText": [Function],
  "queryAllByRole": [Function],
  "queryAllByTestId": [Function],
  "queryAllByText": [Function],
  "queryAllByTitle": [Function],
  "queryByAltText": [Function],
  "queryByDisplayValue": [Function],
  "queryByLabelText": [Function],
  "queryByPlaceholderText": [Function],
  "queryByRole": [Function],
  "queryByTestId": [Function],
  "queryByText": [Function],
  "queryByTitle": [Function],
  "rerender": [Function],
  "unmount": [Function],
}
`;
